====== СИСТЕМА РИТЕЙЛ - Імітаційний прототип ======


--- Сценарій 1: Успішне замовлення ---

[Manager 'Іван Петренко'] Створено замовлення #1001
[SupplyOrder] Статус замовлення #1001 змінено на: Created
[SupplyOrder] Додана позиція: Молоко
[SupplyOrder] Додана позиція: Хліб
[Supplier 'АБВ-Постачання'] Підтверджую замовлення #1001
[SupplyOrder] Статус замовлення #1001 змінено на: Confirmed
[Supplier 'АБВ-Постачання'] Виставляю накладну для замовлення #1001
[SupplyOrder] Статус замовлення #1001 змінено на: Invoiced
[Logistician 'Юрій Сидоренко'] Планую доставку замовлення #1001
[Logistician 'Юрій Сидоренко'] Відслідковую доставку замовлення #1001
[Logistician 'Юрій Сидоренко'] Виконую план постачання
[DeliveryService] Замовлення #1001 відправлено на доставку
[DeliveryService] Номер відстеження: DLV-1001-1765064812408
[SupplyOrder] Статус замовлення #1001 змінено на: Delivered

--- Сценарій 2: Замовлення з поверненням ---

[Manager 'Іван Петренко'] Створено замовлення #1002
[SupplyOrder] Статус замовлення #1002 змінено на: Created
[SupplyOrder] Додана позиція: Масло
[SupplyOrder] Додана позиція: Сир
[Supplier 'АБВ-Постачання'] Підтверджую замовлення #1002
[SupplyOrder] Статус замовлення #1002 змінено на: Confirmed
[Supplier 'АБВ-Постачання'] Виставляю накладну для замовлення #1002
[SupplyOrder] Статус замовлення #1002 змінено на: Invoiced
[Logistician 'Юрій Сидоренко'] Планую доставку замовлення #1002
[Logistician 'Юрій Сидоренко'] Виконую план постачання
[DeliveryService] Замовлення #1002 відправлено на доставку
[DeliveryService] Номер відстеження: DLV-1002-1765064812425
[SupplyOrder] Статус замовлення #1002 змінено на: Delivered
[Manager 'Іван Петренко'] Оформляю повернення замовлення #1002
[SupplyOrder] Статус замовлення #1002 змінено на: Returned

--- Сценарій 3: Демонстрація архітектури ---

[System] Учасники системи:
  - Manager: Іван Петренко
  - Supplier: АБВ-Постачання
  - Logistician: Юрій Сидоренко

[System] Фінальні замовлення:
  SupplyOrder{id=1001, status='Delivered', positions=[OrderPosition{itemName='Молоко', quantity=10, price=45.0}, OrderPosition{itemName='Хліб', quantity=20, price=25.0}]}
  SupplyOrder{id=1002, status='Returned', positions=[OrderPosition{itemName='Масло', quantity=5, price=150.0}, OrderPosition{itemName='Сир', quantity=8, price=200.0}]}

====== Імітація завершена ======
